-- The C compiler identification is Clang 17.0.0
-- The CXX compiler identification is Clang 17.0.0
-- Detecting C compiler ABI info
-- Detecting C compiler ABI info - done
-- Check for working C compiler: [CLANG_PATH] - skipped
-- Detecting C compile features
-- Detecting C compile features - done
-- Detecting CXX compiler ABI info
-- Detecting CXX compiler ABI info - done
-- Check for working CXX compiler: [CLANG_PATH]++ - skipped
-- Detecting CXX compile features
-- Detecting CXX compile features - done
-- Found ZLIB: [SYS_LIB]/libz.so (found version "1.3.1")
-- Found PNG: [SYS_LIB]/libpng.so (found version "1.6.48")
-- Found JPEG: [SYS_LIB]/libjpeg.so (found version "62")
-- Performing Test CMAKE_HAVE_LIBC_PTHREAD
-- Performing Test CMAKE_HAVE_LIBC_PTHREAD - Success
-- Found Threads: TRUE
-- Configuring done (0.6s)
-- Generating done (0.0s)
-- Build files have been written to: [EPHEMERAL_ROOT]/stitchkit_review/build/asan
