[1/27] Building C object CMakeFiles/stitchkit_vlfeat.dir/third_party/vlfeat/vl/imopv.c.o
[2/27] Building C object CMakeFiles/stitchkit_vlfeat.dir/third_party/vlfeat/runtime.c.o
[3/27] Building C object CMakeFiles/stitchkit_vlfeat.dir/third_party/vlfeat/vl/sift.c.o
[4/27] Building CXX object CMakeFiles/stitchkit.dir/src/io.cpp.o
[5/27] Building CXX object CMakeFiles/stitchkit.dir/src/report.cpp.o
[6/27] Building C object CMakeFiles/stitchkit.dir/src/jpeg_bridge.c.o
[7/27] Building CXX object CMakeFiles/stitchkit.dir/src/features.cpp.o
[8/27] Building CXX object CMakeFiles/stitchkit.dir/src/types.cpp.o
[9/27] Building CXX object CMakeFiles/stitchkit.dir/src/lineae.cpp.o
[10/27] Building CXX object CMakeFiles/stitchkit.dir/src/solver.cpp.o
[11/27] Building CXX object CMakeFiles/stitchkit.dir/src/mesh_warp.cpp.o
[12/27] Building CXX object CMakeFiles/stitchkit.dir/src/registration.cpp.o
[13/27] Building CXX object CMakeFiles/stitchkit.dir/src/raster.cpp.o
[14/27] Building CXX object CMakeFiles/stitchkit.dir/src/structures.cpp.o
[15/27] Building CXX object CMakeFiles/stitchkit.dir/src/rew.cpp.o
[16/27] Building CXX object CMakeFiles/stitchkit.dir/src/stitcher.cpp.o
[17/27] Linking CXX static library libstitchkit.a
[18/27] Building CXX object CMakeFiles/stitch.dir/app/main.cpp.o
[19/27] Building CXX object CMakeFiles/stitchkit_example.dir/examples/basic.cpp.o
[20/27] Building CXX object tests/CMakeFiles/stitchkit_e2e.dir/e2e.cpp.o
[21/27] Building CXX object tests/CMakeFiles/stitchkit_review_regressions.dir/review_regressions.cpp.o
[22/27] Linking CXX executable stitch
[23/27] Building CXX object tests/CMakeFiles/stitchkit_tests.dir/test_main.cpp.o
[24/27] Linking CXX executable stitchkit_example
[25/27] Linking CXX executable tests/stitchkit_e2e
[26/27] Linking CXX executable tests/stitchkit_tests
[27/27] Linking CXX executable tests/stitchkit_review_regressions
