Building source distribution...
*** scikit-build-core 1.1.0 (sdist)
Building wheel from source distribution...
*** scikit-build-core 1.1.0 using CMake 3.31.6 (wheel)
*** Configuring CMake...
loading initial cache file build/python/cp313-cp313-linux_x86_64/CMakeInit.txt
-- The C compiler identification is GNU 14.2.0
-- The CXX compiler identification is GNU 14.2.0
-- Detecting C compiler ABI info
-- Detecting C compiler ABI info - done
-- Check for working C compiler: [CC_PATH] - skipped
-- Detecting C compile features
-- Detecting C compile features - done
-- Detecting CXX compiler ABI info
-- Detecting CXX compiler ABI info - done
-- Check for working CXX compiler: [SYS]/bin/x86_64-linux-gnu-g++ - skipped
-- Detecting CXX compile features
-- Detecting CXX compile features - done
-- Found ZLIB: [SYS_LIB]/libz.so (found version "1.3.1")
-- Found PNG: [SYS_LIB]/libpng.so (found version "1.6.48")
-- Found JPEG: [SYS_LIB]/libjpeg.so (found version "62")
-- Performing Test CMAKE_HAVE_LIBC_PTHREAD
-- Performing Test CMAKE_HAVE_LIBC_PTHREAD - Success
-- Found Threads: TRUE
-- Found Python: [EPHEMERAL_ROOT]/stitchkit_review/.venv/bin/python (found suitable version "3.13.5", minimum required is "3.10") found components: Interpreter Development.Module
-- Performing Test NB_HAS_MTLS_GNU2
-- Performing Test NB_HAS_MTLS_GNU2 - Success
-- Configuring done (0.5s)
-- Generating done (0.0s)
-- Build files have been written to: [HOME]/.cache/uv/sdists-v9/.tmpqttCr0/stitchkit-0.2.0/build/python/cp313-cp313-linux_x86_64
*** Building project with Ninja...
[1/30] Building C object CMakeFiles/stitchkit_vlfeat.dir/third_party/vlfeat/vl/sift.c.o
[2/30] Building C object CMakeFiles/stitchkit_vlfeat.dir/third_party/vlfeat/runtime.c.o
[3/30] Building C object CMakeFiles/stitchkit_vlfeat.dir/third_party/vlfeat/vl/imopv.c.o
[4/30] Building CXX object CMakeFiles/stitchkit.dir/src/io.cpp.o
[5/30] Building CXX object CMakeFiles/stitchkit.dir/src/report.cpp.o
[6/30] Building C object CMakeFiles/stitchkit.dir/src/jpeg_bridge.c.o
[7/30] Building CXX object CMakeFiles/stitchkit.dir/src/types.cpp.o
[8/30] Building CXX object CMakeFiles/stitchkit.dir/src/features.cpp.o
[9/30] Building CXX object CMakeFiles/stitchkit.dir/src/lineae.cpp.o
[10/30] Building CXX object CMakeFiles/stitchkit.dir/src/solver.cpp.o
[11/30] Building CXX object CMakeFiles/stitchkit.dir/src/registration.cpp.o
[12/30] Building CXX object CMakeFiles/stitchkit.dir/src/mesh_warp.cpp.o
[13/30] Building CXX object CMakeFiles/stitchkit.dir/src/raster.cpp.o
[14/30] Building CXX object CMakeFiles/stitchkit.dir/src/rew.cpp.o
[15/30] Building CXX object CMakeFiles/stitchkit.dir/src/structures.cpp.o
[16/30] Building CXX object CMakeFiles/nanobind-static.dir[EPHEMERAL_ROOT]/stitchkit_review/.venv/lib/python3.13/site-packages/nanobind/src/nb_internals.cpp.o
[17/30] Building CXX object CMakeFiles/stitchkit.dir/src/stitcher.cpp.o
[18/30] Building CXX object CMakeFiles/nanobind-static.dir[EPHEMERAL_ROOT]/stitchkit_review/.venv/lib/python3.13/site-packages/nanobind/src/nb_func.cpp.o
[19/30] Building CXX object CMakeFiles/nanobind-static.dir[EPHEMERAL_ROOT]/stitchkit_review/.venv/lib/python3.13/site-packages/nanobind/src/nb_type.cpp.o
[20/30] Building CXX object CMakeFiles/nanobind-static.dir[EPHEMERAL_ROOT]/stitchkit_review/.venv/lib/python3.13/site-packages/nanobind/src/nb_enum.cpp.o
[21/30] Building CXX object CMakeFiles/nanobind-static.dir[EPHEMERAL_ROOT]/stitchkit_review/.venv/lib/python3.13/site-packages/nanobind/src/nb_ndarray.cpp.o
[22/30] Building CXX object CMakeFiles/nanobind-static.dir[EPHEMERAL_ROOT]/stitchkit_review/.venv/lib/python3.13/site-packages/nanobind/src/nb_static_property.cpp.o
[23/30] Building CXX object CMakeFiles/nanobind-static.dir[EPHEMERAL_ROOT]/stitchkit_review/.venv/lib/python3.13/site-packages/nanobind/src/error.cpp.o
[24/30] Building CXX object CMakeFiles/nanobind-static.dir[EPHEMERAL_ROOT]/stitchkit_review/.venv/lib/python3.13/site-packages/nanobind/src/common.cpp.o
[25/30] Building CXX object CMakeFiles/nanobind-static.dir[EPHEMERAL_ROOT]/stitchkit_review/.venv/lib/python3.13/site-packages/nanobind/src/trampoline.cpp.o
[26/30] Linking CXX static library libstitchkit.a
[27/30] Building CXX object CMakeFiles/nanobind-static.dir[EPHEMERAL_ROOT]/stitchkit_review/.venv/lib/python3.13/site-packages/nanobind/src/implicit.cpp.o
[28/30] Linking CXX static library libnanobind-static.a
[29/30] Building CXX object CMakeFiles/_native.dir/bindings/module.cpp.o
[30/30] Linking CXX shared module _native.cpython-313-x86_64-linux-gnu.so
*** Installing project into wheel...
-- Install configuration: "Release"
-- Installing: [TMP]/tmpwp44q72o/wheel/platlib/stitchkit/_native.cpython-313-x86_64-linux-gnu.so
-- Installing: [TMP]/tmpwp44q72o/wheel/platlib/stitchkit/licenses/LICENSE
-- Installing: [TMP]/tmpwp44q72o/wheel/platlib/stitchkit/licenses/THIRD_PARTY_NOTICES.md
-- Installing: [TMP]/tmpwp44q72o/wheel/platlib/stitchkit/licenses/VLFeat-BSD.txt
*** Making wheel...
*** Created stitchkit-0.2.0-cp313-cp313-linux_x86_64.whl
Successfully built dist/stitchkit-0.2.0.tar.gz
Successfully built dist/stitchkit-0.2.0-cp313-cp313-linux_x86_64.whl
